17 th

image capture on google cloud platform 
creating instances with default created image on GCP setup WEBSERVER login using xshell.

18



[root@web-server-kis ~]# httpd -M 
Loaded Modules:
 core_module (static)
 so_module (static)
 http_module (static)
 access_compat_module (shared)
 actions_module (shared)
 alias_module (shared)
 allowmethods_module (shared)
 auth_basic_module (shared)
 auth_digest_module (shared)
 authn_anon_module (shared)
 authn_core_module (shared)
 authn_dbd_module (shared)
 authn_dbm_module (shared)
 authn_file_module (shared)
 authn_socache_module (shared)
 authz_core_module (shared)
 authz_dbd_module (shared)
 authz_dbm_module (shared)
 authz_groupfile_module (shared)
 authz_host_module (shared)
 authz_owner_module (shared)
 authz_user_module (shared)
 autoindex_module (shared)
 cache_module (shared)
 cache_disk_module (shared)
 data_module (shared)
 dbd_module (shared)
 deflate_module (shared)
 dir_module (shared)
 dumpio_module (shared)
 echo_module (shared)
 env_module (shared)
 expires_module (shared)
 ext_filter_module (shared)
 filter_module (shared)
 headers_module (shared)
 include_module (shared)
 info_module (shared)
 log_config_module (shared)
 logio_module (shared)
 mime_magic_module (shared)
 mime_module (shared)
 negotiation_module (shared)
 remoteip_module (shared)
 reqtimeout_module (shared)
 rewrite_module (shared)
 setenvif_module (shared)
 slotmem_plain_module (shared)
 slotmem_shm_module (shared)
 socache_dbm_module (shared)
 socache_memcache_module (shared)
 socache_shmcb_module (shared)
 status_module (shared)
 substitute_module (shared)
 suexec_module (shared)
 unique_id_module (shared)
 unixd_module (shared)
 userdir_module (shared)
 version_module (shared)
 vhost_alias_module (shared)
 dav_module (shared)
 dav_fs_module (shared)
 dav_lock_module (shared)
 lua_module (shared)
 mpm_prefork_module (shared)
 proxy_module (shared)
 lbmethod_bybusyness_module (shared)
 lbmethod_byrequests_module (shared)
 lbmethod_bytraffic_module (shared)
 lbmethod_heartbeat_module (shared)
 proxy_ajp_module (shared)
 proxy_balancer_module (shared)
 proxy_connect_module (shared)
 proxy_express_module (shared)
 proxy_fcgi_module (shared)
 proxy_fdpass_module (shared)
 proxy_ftp_module (shared)
 proxy_http_module (shared)
 proxy_scgi_module (shared)
 proxy_wstunnel_module (shared)
 systemd_module (shared)
 cgi_module (shared)
 php5_module (shared)  ----- Checking PHP 

cd /var/www/html/
index.html




ldap acount manager --google for ldap 

ldap account manager 5.7

right click Copy 5.7 Tar.bz2

wget paste URL

to exract the file 
html]# tar -xf ldap-account-manager-5.7.tar.bz2
html]# mv ldap-account-manager-5.7 lam
cd lam
ls

chown apache:apache lam-R 

[root@web-server-kis ~]# 
[root@web-server-kis ~]# cd /var/www/html/
[root@web-server-kis html]# ls -l
total 15192
-rw-r--r--  1 root   root         38 May 30 12:56 index.html
drwxr-x--x 12 apache apache      323 Mar 14  2017 lam
-rw-r--r--  1 root   root   15549854 Mar 15  2017 ldap-account-manager-5.7.tar.bz2














creating web server setup  and edit the HTML page 
add RDPORTAL

on the back groung angular JS is used on RDPORTAL


Ipaddress/ RDPORTAL

explaintion about app server

explaining rough :

wed server alwalys serves mainly static contents (images)

App server is meant for pulling the logics and processing and connecting database.

application server is java based one , exposing the app server directly is vulerable , so using web server as proxy server 
database can have login details for all users 
anthetication page for big applications website will have single-sign (Ldap-servers)on servers separately 
third party software website sign on authetications provided by facebook and google 

Apache Tomcat 
https://plumbr.io/blog/java/most-popular-java-application-servers-2017-edition

when the dev team creating a application they keep to application server in mind and desing

sping board will have a in bulid App server (micro services in demand - Docker concepts)

3 Tier Appication standalone (Monolithic)


Application server setup : 

Appserver-kis
enter into App server using xshell6
sudo su - 


Details in steps forApp Server :-----------------------------
[root@appserver-kis ~]# yum install tomcat -y
[root@appserver-kis ~]#  systemctl start tomcat
[root@appserver-kis ~]#  systemctl status tomcat
[root@appserver-kis ~]# ps -ef | grep tomcat 
[root@appserver-kis ~]#  netstat -lntp
[root@appserver-kis ~]#  cd /var/lib/tomcat/webapps/
[root@appserver-kis webapps]# mkdir ROOT 
[root@appserver-kis webapps]# cd ROOT

[root@appserver-kis ROOT]# vim index.html
[root@appserver-kis ROOT]# cat index.html
Hello World , Kishan's App server 
 war / jar file ------  Student.war file
 using xftp copy student.war
 [root@appserver-kis ROOT]# cp /tmp/student.war .
 
 [root@appserver-kis webapps]# mv /var/lib/tomcat/webapps/ROOT/student.war .
[root@appserver-kis webapps]# ls
ROOT  student.war
[root@appserver-kis webapps]# cp student.war student
[root@appserver-kis webapps]# ls
ROOT  student  student.war


 [root@appserver-kis webapps]# cd student
[root@appserver-kis student]# ls
home.jsp  index.jsp  META-INF  NewFile.jsp  student.war  WEB-INF
[root@appserver-kis student]# 

 Check on website:
 http://35.231.146.220:8080/student/
 
 if you fill form error
Sorry! unable to save record

check log file 
cd /var/log/tomcat/
 
 [root@appserver-kis student]# cd /var/log/tomcat/
[root@appserver-kis tomcat]# ls -ltr
total 16
-rw-rw---- 1 tomcat tomcat   28 Apr 11 03:38 catalina.out
-rw-r--r-- 1 tomcat tomcat    0 Jun  2 17:46 localhost.2018-06-02.log
-rw-r--r-- 1 tomcat tomcat    0 Jun  2 17:46 manager.2018-06-02.log
-rw-r--r-- 1 tomcat tomcat    0 Jun  2 17:46 host-manager.2018-06-02.log
-rw-r--r-- 1 tomcat tomcat 5140 Jun  2 18:13 catalina.2018-06-02.log
-rw-r--r-- 1 tomcat tomcat  657 Jun  2 18:20 localhost_access_log.2018-06-02.txt


-rw-r--r-- 1 tomcat tomcat 5140 Jun  2 18:13 catalina.2018-06-02.log----- Logs files 
cat localhost_access_log.2018-05-18.txt



---------------------------------------------------------------------------------

[ec2-user@appserver-kis ~]$ sudo su - 
Last login: Wed May 23 15:56:26 UTC 2018 on pts/0
[root@appserver-kis ~]# yum install tomcat -y
Loaded plugins: fastestmirror
Loading mirror speeds from cached hostfile
epel/x86_64/metalink                                                                                                                                          |  20 kB  00:00:00     
 * base: mirror.steadfast.net
 * epel: mirror.cogentco.com
 * extras: mirror.math.princeton.edu
 * updates: mirror.teklinks.com
base                                                                                                                                                          | 3.6 kB  00:00:00     
epel                                                                                                                                                          | 4.7 kB  00:00:00     
extras                                                                                                                                                        | 3.4 kB  00:00:00     
google-cloud-compute/signature                                                                                                                                |  454 B  00:00:00     
google-cloud-compute/signature                                                                                                                                | 1.8 kB  00:00:00 !!! 
google-cloud-sdk/signature                                                                                                                                    |  454 B  00:00:00     
google-cloud-sdk/signature                                                                                                                                    | 1.4 kB  00:00:00 !!! 
updates                                                                                                                                                       | 3.4 kB  00:00:00     
(1/7): epel/x86_64/updateinfo                                                                                                                                 | 930 kB  00:00:00     
(2/7): epel/x86_64/primary_db                                                                                                                                 | 6.4 MB  00:00:00     
(3/7): extras/7/x86_64/primary_db                                                                                                                             | 147 kB  00:00:00     
(4/7): google-cloud-compute/updateinfo                                                                                                                        | 1.1 kB  00:00:00     
(5/7): google-cloud-compute/primary                                                                                                                           | 3.6 kB  00:00:00     
(6/7): google-cloud-sdk/primary                                                                                                                               |  20 kB  00:00:00     
(7/7): updates/7/x86_64/primary_db                                                                                                                            | 2.0 MB  00:00:00     
google-cloud-compute                                                                                                                                                           10/10
google-cloud-sdk                                                                                                                                                             116/116
Resolving Dependencies
--> Running transaction check



install java 

complete!
[root@appserver-kis ~]# systemctl start tomcat
[root@appserver-kis ~]# systemctl status tomcat
‚óè tomcat.service - Apache Tomcat Web Application Container
   Loaded: loaded (/usr/lib/systemd/system/tomcat.service; disabled; vendor preset: disabled)
   Active: active (running) since Wed 2018-05-30 17:45:52 UTC; 9s ago
 Main PID: 1360 (java)
   CGroup: /system.slice/tomcat.service
           ‚îî‚îÄ1360 /usr/lib/jvm/jre/bin/java -classpath /usr/share/tomcat/bin/bootstrap.jar:/usr/share/tomcat/bin/tomcat-juli.jar:/usr/share/java/commons-daemon.jar -Dcatalina.bas...

May 30 17:45:53 appserver-kis server[1360]: May 30, 2018 5:45:53 PM org.apache.catalina.core.StandardService startInternal
May 30 17:45:53 appserver-kis server[1360]: INFO: Starting service Catalina
May 30 17:45:53 appserver-kis server[1360]: May 30, 2018 5:45:53 PM org.apache.catalina.core.StandardEngine startInternal
May 30 17:45:53 appserver-kis server[1360]: INFO: Starting Servlet Engine: Apache Tomcat/7.0.76
May 30 17:45:53 appserver-kis server[1360]: May 30, 2018 5:45:53 PM org.apache.coyote.AbstractProtocol start
May 30 17:45:53 appserver-kis server[1360]: INFO: Starting ProtocolHandler ["http-bio-8080"]
May 30 17:45:53 appserver-kis server[1360]: May 30, 2018 5:45:53 PM org.apache.coyote.AbstractProtocol start
May 30 17:45:53 appserver-kis server[1360]: INFO: Starting ProtocolHandler ["ajp-bio-8009"]
May 30 17:45:53 appserver-kis server[1360]: May 30, 2018 5:45:53 PM org.apache.catalina.startup.Catalina start
May 30 17:45:53 appserver-kis server[1360]: INFO: Server startup in 120 ms


[root@appserver-kis ~]# ps -ef | grep tomcat 
tomcat    1360     1  1 17:45 ?        00:00:01 /usr/lib/jvm/jre/bin/java -classpath /usr/share/tomcat/bin/bootstrap.jar:/usr/share/tomcat/bin/tomcat-juli.jar:/usr/share/java/commons-daemon.jar -Dcatalina.base=/usr/share/tomcat -Dcatalina.home=/usr/share/tomcat -Djava.endorsed.dirs= -Djava.io.tmpdir=/var/cache/tomcat/temp -Djava.util.logging.config.file=/usr/share/tomcat/conf/logging.properties -Djava.util.logging.manager=org.apache.juli.ClassLoaderLogManager org.apache.catalina.startup.Bootstrap start
root      1432  1058  0 17:47 pts/0    00:00:00 grep --color=auto tomcat
[root@appserver-kis ~]# netstat -lntp
Active Internet connections (only servers)
Proto Recv-Q Send-Q Local Address           Foreign Address         State       PID/Program name    
tcp        0      0 0.0.0.0:22              0.0.0.0:*               LISTEN      912/sshd            
tcp        0      0 127.0.0.1:25            0.0.0.0:*               LISTEN      804/master          
tcp6       0      0 127.0.0.1:8005          :::*                    LISTEN      1360/java           
tcp6       0      0 :::8009                 :::*                    LISTEN      1360/java           
tcp6       0      0 :::8080                 :::*                    LISTEN      1360/java           
tcp6       0      0 :::22                   :::*                    LISTEN      912/sshd            
tcp6       0      0 ::1:25                  :::*                    LISTEN      804/master        




Checking on web browser http://35.237.39.224:8080/

black screen  no contents filled 
[root@appserver-kis ~]# ^C
[root@appserver-kis ~]# cd /var/lib/tomcat/webapps/
[root@appserver-kis webapps]# ls

nothing in there 
mkdir ROOT 

drwxr-xr-x 2 root root 6 May 30 17:52 ROOT
[root@appserver-kis webapps]# cd ROOT
[root@appserver-kis ROOT]# vim index.html
 War file (web archive) and Jar (Java Archeive)files are used in App server 
 
 Student.war file
 
 
web apps# cp /tmp/rdp-api.war(will only work with web server)
exact student.war from tmp

root@appserver-kis webapps]# cp /tmp/student.war .
or 
root@appserver-kis webapps]# cp /tmp/student.war student.war

http://35.231.146.220:8080/student/ it will work with forms 

or 
http://35.231.146.220:8080/student/registrationController

if you fill form error
Sorry! unable to save record

check log file 
cd /var/log/tomcat/

[root@appserver-kis tomcat]# ll
total 20
-rw-r--r-- 1 tomcat tomcat 10901 May 30 22:06 catalina.2018-05-30.log
-rw-rw---- 1 tomcat tomcat    28 Apr 11 03:38 catalina.out
-rw-r--r-- 1 tomcat tomcat     0 May 30 17:45 host-manager.2018-05-30.log
-rw-r--r-- 1 tomcat tomcat     0 May 30 17:45 localhost.2018-05-30.log
-rw-r--r-- 1 tomcat tomcat   699 May 30 22:13 localhost_access_log.2018-05-30.txt
-rw-r--r-- 1 tomcat tomcat     0 May 30 17:45 manager.2018-05-30.log


[root@appserver-kis tomcat]# cat catalina.2018-05-30.log (used for log file check)

[root@appserver-kis tomcat]# cat localhost_access_log.2018-05-30.txt
86.23.64.153 - - [30/May/2018:17:49:29 +0000] "GET / HTTP/1.1" 404 -
86.23.64.153 - - [30/May/2018:17:56:44 +0000] "GET / HTTP/1.1" 200 12
86.23.64.153 - - [30/May/2018:17:56:45 +0000] "GET /favicon.ico HTTP/1.1" 404 973
86.23.64.153 - - [30/May/2018:21:01:49 +0000] "GET / HTTP/1.1" 200 12
86.23.64.153 - - [30/May/2018:21:01:49 +0000] "GET /favicon.ico HTTP/1.1" 404 973
86.23.64.153 - - [30/May/2018:21:35:20 +0000] "GET / HTTP/1.1" 304 -
86.23.64.153 - - [30/May/2018:22:09:01 +0000] "GET /student HTTP/1.1" 302 -
86.23.64.153 - - [30/May/2018:22:09:03 +0000] "GET /student/ HTTP/1.1" 200 1191
86.23.64.153 - - [30/May/2018:22:13:13 +0000] "POST /student/registrationController HTTP/1.1" 200 29
190.110.248.244 - - [30/May/2018:22:16:17 +0000] "GET / HTTP/1.1" 200 12


instead of tomcat 7 we need to insatll tomcat 8 for log file access use the follow instruction below-->
   2) Binary Installation  <- Will be discussed in project
   
   
































